// Jest Snapshot v1, https://goo.gl/fbAQLP

exports[`Description generates correct page 1`] = `
<nav
  className="navbar navbar-expand-lg navbar-light bg-light"
>
  <a
    className="navbar-brand"
    href="/ihomie"
  >
    iHomie
  </a>
  <button
    aria-controls="basic-navbar-nav"
    aria-label="Toggle navigation"
    className="navbar-toggler collapsed"
    onClick={[Function]}
    type="button"
  >
    <span
      className="navbar-toggler-icon"
    />
  </button>
  <div
    aria-expanded={null}
    className="navbar-collapse collapse"
    id="basic-navbar-nav"
  >
    <div
      className="mr-auto navbar-nav"
      onKeyDown={[Function]}
    >
      <a
        className="nav-link"
        data-rb-event-key="/ihomie"
        href="/ihomie"
        onClick={[Function]}
        onKeyDown={[Function]}
      >
        Home
      </a>
      <a
        className="nav-link"
        data-rb-event-key="/ihomie#/upload"
        href="/ihomie#/upload"
        onClick={[Function]}
        onKeyDown={[Function]}
      >
        Upload
      </a>
      <a
        className="nav-link"
        data-rb-event-key="/ihomie#/register"
        href="/ihomie#/register"
        onClick={[Function]}
        onKeyDown={[Function]}
      >
        Register
      </a>
    </div>
    <form
      className="form-inline"
    >
      <button
        className="btn btn-outline-primary"
        disabled={false}
        onClick={[Function]}
        type="button"
      >
        Login
      </button>
    </form>
  </div>
</nav>
`;
