// Jest Snapshot v1, https://goo.gl/fbAQLP

exports[`Mainpage component match the snapshot 1`] = `
<div
  style={
    Object {
      "margin": "3rem auto",
      "width": "65%",
    }
  }
>
  <div
    style={
      Object {
        "textAlign": "center",
      }
    }
  >
    <h2>
        Find Your Future Home in iHomie 
    </h2>
  </div>
  <div>
    <div
      className="ant-row"
      style={
        Object {
          "marginBottom": 8,
          "marginLeft": -8,
          "marginRight": -8,
          "marginTop": -8,
        }
      }
    />
  </div>
  <br />
  <br />
  <div
    style={
      Object {
        "display": "flex",
        "justifyContent": "center",
      }
    }
  >
    <a
      className="link"
      href="/upload"
      onClick={[Function]}
    >
      Upload New House
    </a>
  </div>
  <div
    style={
      Object {
        "display": "flex",
        "justifyContent": "center",
      }
    }
  >
    <a
      className="link"
      href="/account_update"
      onClick={[Function]}
      style={
        Object {
          "color": "orange",
        }
      }
    >
      Update Account Information
    </a>
  </div>
</div>
`;
