// Jest Snapshot v1, https://goo.gl/fbAQLP

exports[`Login component match the snapshot 1`] = `
<div
  style={
    Object {
      "margin": "3rem auto",
      "width": "75%",
    }
  }
>
  <form>
    <div
      class="form-group"
    >
      <label>
        Email address
      </label>
      <input
        class="form-control"
        id="email-input"
        onChange={[Function]}
        placeholder="Input your email address here"
        type="email"
      />
    </div>
    <div
      class="form-group"
    >
      <label>
        Password
      </label>
      <input
        class="form-control"
        id="password-input"
        onChange={[Function]}
        placeholder="Input your password here"
        type="password"
      />
    </div>
    <button
      class="btn btn-primary"
      onClick={[Function]}
      type="submit"
    >
      Submit
    </button>
  </form>
  <small
    class="text-muted"
  >
    Need An Account? 
    <a
      className="link"
      href="/register"
      onClick={[Function]}
    >
      Sign Up Now
    </a>
  </small>
</div>
`;
