// Jest Snapshot v1, https://goo.gl/fbAQLP

exports[`Description generates correct page 1`] = `
<div
  className="container"
>
  <div
    className="row"
  >
    <div
      className="col"
    />
    <div
      className="col"
    >
      <div
        className="card"
        style={
          Object {
            "margin": "1em",
            "width": "50em",
          }
        }
      >
        <img
          className="card-img-top"
          src="https://bootstrapmade.com/demo/themes/EstateAgency/assets/img/slide-2.jpg"
        />
        <div
          className="card-body"
        >
          <div
            className="card-title h5"
          >
            
          </div>
          <div
            className="mb-2 text-muted card-subtitle h6"
          >
            
          </div>
          <p
            className="card-text"
          >
            A property description is the written portion of a real estate listing that describes the real estate for sale or lease. Nowadays, most buyers begin their property search online. Therefore, real estate descriptions are your best chance to sway buyers and sellers.
          </p>
          <button
            className="btn btn-primary"
            disabled={false}
            onClick={[Function]}
            type="button"
          >
            Modify
          </button>
          <button
            className="btn btn-primary"
            disabled={false}
            onClick={[Function]}
            style={
              Object {
                "margin": "1px",
              }
            }
            type="button"
          >
            Delete
          </button>
        </div>
      </div>
    </div>
    <div
      className="col"
    />
  </div>
</div>
`;
